<?xml version="1.0" encoding="utf-8"?><testsuites name="pytest tests"><testsuite name="pytest" errors="0" failures="0" skipped="0" tests="100" time="130.682" timestamp="2025-10-01T21:43:04.334871+00:00" hostname="runnervm3ublj"><testcase classname="test.test_circuits" name="test_unitary_simulation" time="3.759" /><testcase classname="test.test_circuits" name="test_hamiltonian_simulation" time="3.702" /><testcase classname="test.test_codes.TestBosonicQubit" name="test_bosonic_qubit_initialization" time="0.001" /><testcase classname="test.test_codes.TestBosonicQubit" name="test_bosonic_qubit_name_property" time="0.268" /><testcase classname="test.test_codes.TestBosonicQubit" name="test_bosonic_qubit_params_validation" time="0.006" /><testcase classname="test.test_codes.TestBosonicQubit" name="test_bosonic_qubit_common_gates" time="0.005" /><testcase classname="test.test_codes.TestBosonicQubit" name="test_bosonic_qubit_basis_states" time="0.005" /><testcase classname="test.test_codes.TestBosonicQubit" name="test_bosonic_qubit_pauli_gates" time="0.034" /><testcase classname="test.test_codes.TestBosonicQubit" name="test_bosonic_qubit_projector" time="0.103" /><testcase classname="test.test_codes.TestBosonicQubit" name="test_bosonic_qubit_maximally_mixed_state" time="0.102" /><testcase classname="test.test_codes.TestBosonicQubit" name="test_bosonic_qubit_jqt2qt" time="0.006" /><testcase classname="test.test_codes.TestBosonicQubit" name="test_bosonic_qubit_hamiltonian_properties" time="0.005" /><testcase classname="test.test_codes.TestBosonicQubit" name="test_bosonic_qubit_gen_pauli_u_gate_path" time="0.024" /><testcase classname="test.test_codes.TestBosonicQubit" name="test_bosonic_qubit_hadamard_gate" time="0.059" /><testcase classname="test.test_codes.TestBosonicQubit" name="test_bosonic_qubit_prepare_state_plot" time="0.006" /><testcase classname="test.test_codes.TestBosonicQubit" name="test_bosonic_qubit_plot_single" time="1.524" /><testcase classname="test.test_codes.TestBosonicQubit" name="test_bosonic_qubit_plot_code_states" time="3.081" /><testcase classname="test.test_codes.TestBosonicQubit" name="test_bosonic_qubit_plot_code_states_qfunc" time="0.006" /><testcase classname="test.test_codes.TestBosonicQubit" name="test_bosonic_qubit_plot_methods" time="0.596" /><testcase classname="test.test_codes.TestBosonicQubit" name="test_bosonic_qubit_error_handling" time="0.055" /><testcase classname="test.test_codes.TestBosonicQubit" name="test_bosonic_qubit_gen_pauli_u_hamiltonian_path" time="0.348" /><testcase classname="test.test_codes.TestBosonicQubit" name="test_bosonic_qubit_plot_with_custom_axes" time="0.283" /><testcase classname="test.test_codes.TestBosonicQubit" name="test_bosonic_qubit_plot_single_with_custom_axes" time="0.340" /><testcase classname="test.test_codes.TestBosonicQubit" name="test_bosonic_qubit_plot_code_states_with_custom_axes" time="3.258" /><testcase classname="test.test_codes.TestBosonicQubit" name="test_bosonic_qubit_error_handling_edge_cases" time="0.007" /><testcase classname="test.test_codes.TestBosonicQubit" name="test_bosonic_qubit_initialization_assertion_coverage" time="0.005" /><testcase classname="test.test_codes.TestQubit" name="test_qubit_initialization" time="0.005" /><testcase classname="test.test_codes.TestQubit" name="test_qubit_basis_states" time="0.081" /><testcase classname="test.test_codes.TestQubit" name="test_qubit_pauli_gates" time="0.007" /><testcase classname="test.test_codes.TestQubit" name="test_qubit_orthogonality" time="0.042" /><testcase classname="test.test_codes.TestQubit" name="test_qubit_plot_method" time="0.264" /><testcase classname="test.test_codes.TestBosonicMode" name="test_bosonic_mode_initialization" time="0.822" /><testcase classname="test.test_codes.TestBosonicMode" name="test_bosonic_mode_basis_states" time="0.026" /><testcase classname="test.test_codes.TestCatQubit" name="test_cat_qubit_initialization" time="1.721" /><testcase classname="test.test_codes.TestCatQubit" name="test_cat_qubit_custom_params" time="0.198" /><testcase classname="test.test_codes.TestCatQubit" name="test_cat_qubit_basis_states" time="0.061" /><testcase classname="test.test_codes.TestCatQubit" name="test_cat_qubit_non_device_params" time="0.029" /><testcase classname="test.test_codes.TestBinomialQubit" name="test_binomial_qubit_initialization" time="1.443" /><testcase classname="test.test_codes.TestBinomialQubit" name="test_binomial_qubit_custom_params" time="1.326" /><testcase classname="test.test_codes.TestBinomialQubit" name="test_binomial_qubit_basis_states" time="0.755" /><testcase classname="test.test_codes.TestBinomialQubit" name="test_binomial_qubit_parameter_combinations" time="1.491" /><testcase classname="test.test_codes.TestGKPQubit" name="test_gkp_qubit_initialization" time="0.427" /><testcase classname="test.test_codes.TestGKPQubit" name="test_gkp_qubit_custom_params" time="0.930" /><testcase classname="test.test_codes.TestGKPQubit" name="test_gkp_qubit_common_gates" time="0.782" /><testcase classname="test.test_codes.TestGKPQubit" name="test_gkp_qubit_basis_states" time="0.076" /><testcase classname="test.test_codes.TestGKPQubit" name="test_gkp_qubit_parameter_validation" time="0.109" /><testcase classname="test.test_codes.TestHexagonalGKPQubit" name="test_hexagonal_gkp_qubit_initialization" time="0.100" /><testcase classname="test.test_codes.TestHexagonalGKPQubit" name="test_hexagonal_gkp_qubit_basis_states" time="0.049" /><testcase classname="test.test_codes.TestSquareGKPQubit" name="test_square_gkp_qubit_initialization" time="0.050" /><testcase classname="test.test_codes.TestSquareGKPQubit" name="test_square_gkp_qubit_basis_states" time="0.048" /><testcase classname="test.test_codes.TestRectangularGKPQubit" name="test_rectangular_gkp_qubit_initialization" time="0.049" /><testcase classname="test.test_codes.TestRectangularGKPQubit" name="test_rectangular_gkp_qubit_custom_params" time="0.045" /><testcase classname="test.test_codes.TestRectangularGKPQubit" name="test_rectangular_gkp_qubit_basis_states" time="0.049" /><testcase classname="test.test_codes.TestCodesIntegration" name="test_all_code_types_initialization" time="0.288" /><testcase classname="test.test_codes.TestCodesIntegration" name="test_code_state_orthogonality" time="0.242" /><testcase classname="test.test_codes.TestCodesIntegration" name="test_code_gate_consistency" time="0.094" /><testcase classname="test.test_codes.TestCodesIntegration" name="test_code_parameter_validation" time="0.132" /><testcase classname="test.test_core_misc" name="test_conversions" time="2.008" /><testcase classname="test.test_core_misc" name="test_overlap" time="1.474" /><testcase classname="test.test_core_misc" name="test_device" time="0.001" /><testcase classname="test.test_core_misc" name="test_comb" time="0.211" /><testcase classname="test.test_core_misc" name="test_iso_transforms" time="0.958" /><testcase classname="test.test_core_misc" name="test_misc_operators" time="2.175" /><testcase classname="test.test_core_solvers" name="test_sesolve" time="2.890" /><testcase classname="test.test_core_solvers" name="test_sesolve_batch" time="2.789" /><testcase classname="test.test_core_solvers" name="test_sesolve_edge_cases" time="1.012" /><testcase classname="test.test_core_solvers" name="test_mesolve_batch" time="6.295" /><testcase classname="test.test_core_solvers" name="test_mesolve" time="2.904" /><testcase classname="test.test_core_solvers" name="test_mesolve_edge_cases" time="1.833" /><testcase classname="test.test_measurement" name="test_reconstruct_density_matrix" time="1.502" /><testcase classname="test.test_measurement" name="test_parametrize_density_matrix" time="0.357" /><testcase classname="test.test_measurement" name="test_L1_reg" time="0.060" /><testcase classname="test.test_measurement" name="test_overlap" time="0.056" /><testcase classname="test.test_measurement" name="test_fidelity" time="0.407" /><testcase classname="test.test_measurement" name="test_quantum_state_tomography_direct" time="0.452" /><testcase classname="test.test_measurement" name="test_quantum_state_tomography_mle" time="0.876" /><testcase classname="test.test_measurement" name="test_tensor_basis" time="0.763" /><testcase classname="test.test_qarray" name="test_version" time="0.001" /><testcase classname="test.test_qarray" name="test_qarray_creation" time="2.435" /><testcase classname="test.test_qarray" name="test_qarray_properties" time="1.485" /><testcase classname="test.test_qarray" name="test_qarray_basic_math_add" time="2.393" /><testcase classname="test.test_qarray" name="test_qarray_basic_math_sub" time="0.569" /><testcase classname="test.test_qarray" name="test_qarray_basic_math_mul" time="0.507" /><testcase classname="test.test_qarray" name="test_qarray_basic_math_matmul" time="0.015" /><testcase classname="test.test_qarray" name="test_qarray_basic_math_tensor" time="2.611" /><testcase classname="test.test_qarray" name="test_qarray_basic_math_pow" time="0.054" /><testcase classname="test.test_qarray" name="test_eigh" time="0.762" /><testcase classname="test.test_qarray" name="test_dims" time="0.004" /><testcase classname="test.test_qarray" name="test_qtype" time="0.066" /><testcase classname="test.test_qp_distributions" name="test_wigner_coherent_state" time="1.623" /><testcase classname="test.test_qp_distributions" name="test_husimi_coherent_state" time="0.610" /><testcase classname="test.test_qp_distributions" name="test_wigner_density_matrix" time="0.278" /><testcase classname="test.test_qp_distributions" name="test_wigner_mixed_state" time="0.280" /><testcase classname="test.test_qp_distributions" name="test_wigner_fock_state_zero" time="0.662" /><testcase classname="test.test_qp_distributions" name="test_husimi_fock_state_zero" time="0.310" /><testcase classname="test.test_qp_distributions" name="test_wigner_coherent_state_value" time="1.113" /><testcase classname="test.test_qp_distributions" name="test_husimi_coherent_state_value" time="0.225" /><testcase classname="test.test_visualization" name="test_plot_wigner" time="17.595" /><testcase classname="test.test_visualization" name="test_plot_husimi" time="9.399" /><testcase classname="test.test_visualization" name="test_plot_cf_wigner" time="21.664" /></testsuite></testsuites>